// Jest Snapshot v1, https://goo.gl/fbAQLP

exports[`Login screen should render 1`] = `
<DocumentFragment>
  <div>
    <header>
      <h1>
        Welcome to Battle Tent
      </h1>
    </header>
    <div>
      <h5>
        What is your display name?
      </h5>
      <input
        value=""
      />
      <button
        class="MuiButtonBase-root MuiButton-root MuiButton-text"
        tabindex="0"
        type="button"
      >
        <span
          class="MuiButton-label"
        >
          Enter
        </span>
        <span
          class="MuiTouchRipple-root"
        />
      </button>
    </div>
  </div>
</DocumentFragment>
`;
