// Jest Snapshot v1, https://goo.gl/fbAQLP

exports[`Login screen should render 1`] = `
<DocumentFragment>
  <div
    class="sc-AxhCb sc-fzqAui gvTfoq"
  >
    <header
      class="sc-fzqMdD dvUZEP"
    >
      <img
        alt="Battle Tent"
        src="logo.png"
      />
    </header>
    <main
      style="flex: 2;"
    />
  </div>
</DocumentFragment>
`;
