// Jest Snapshot v1, https://goo.gl/fbAQLP

exports[`Battle screen should render 1`] = `
<DocumentFragment>
  <div
    class="sc-AxirZ sc-fzozJi fzcSCU"
  >
    <header
      class="sc-fzoLsD wHbcZ"
    >
      <div
        class="sc-fzplWN hcOeEo"
      >
        <div
          class="sc-fzpans huHwMF"
        />
        <div />
      </div>
      <button
        class="MuiButtonBase-root MuiButton-root MuiButton-text sc-AxjAm faKiNC"
        tabindex="0"
        type="button"
      >
        <span
          class="MuiButton-label"
        >
          Quit
        </span>
        <span
          class="MuiTouchRipple-root"
        />
      </button>
    </header>
    <main>
      <div
        class="MuiCircularProgress-root MuiCircularProgress-colorPrimary MuiCircularProgress-indeterminate"
        role="progressbar"
        style="width: 40px; height: 40px;"
      >
        <svg
          class="MuiCircularProgress-svg"
          viewBox="22 22 44 44"
        >
          <circle
            class="MuiCircularProgress-circle MuiCircularProgress-circleIndeterminate"
            cx="44"
            cy="44"
            fill="none"
            r="20.2"
            stroke-width="3.6"
          />
        </svg>
      </div>
    </main>
  </div>
</DocumentFragment>
`;
