// Jest Snapshot v1, https://goo.gl/fbAQLP

exports[`Lobby screen should render 1`] = `
<DocumentFragment>
  <div
    class="sc-AxirZ sc-fzplWN iSSJWi"
  >
    <header>
      <h1>
        Battle Tent
      </h1>
    </header>
    <div>
      <button
        class="MuiButtonBase-root MuiButton-root MuiButton-text sc-AxjAm faKiNC"
        tabindex="0"
        type="button"
      >
        <span
          class="MuiButton-label"
        >
          Find match
        </span>
        <span
          class="MuiTouchRipple-root"
        />
      </button>
      <button
        class="MuiButtonBase-root MuiButton-root MuiButton-text sc-AxjAm faKiNC Mui-disabled Mui-disabled"
        disabled=""
        tabindex="-1"
        type="button"
      >
        <span
          class="MuiButton-label"
        >
          Invite
        </span>
      </button>
      <button
        class="MuiButtonBase-root MuiButton-root MuiButton-text sc-AxjAm faKiNC"
        tabindex="0"
        type="button"
      >
        <span
          class="MuiButton-label"
        >
          Change name
        </span>
        <span
          class="MuiTouchRipple-root"
        />
      </button>
    </div>
  </div>
</DocumentFragment>
`;
