// Jest Snapshot v1, https://goo.gl/fbAQLP

exports[`Lobby screen should render 1`] = `
<DocumentFragment>
  <div
    class="sc-AxhCb sc-fzoJus WyTdN"
  >
    <header
      style="margin-top: 80px;"
    >
      <nav
        class="sc-fzpans kxQwva"
      >
        <button
          aria-label="volume"
          class="MuiButtonBase-root MuiIconButton-root"
          tabindex="0"
          type="button"
        >
          <span
            class="MuiIconButton-label"
          >
            <img
              alt="music-volume"
              src="sound.png"
              width="28px"
            />
          </span>
          <span
            class="MuiTouchRipple-root"
          />
        </button>
      </nav>
      <div
        class="sc-AxhCb kCMqZl"
      >
        <img
          alt="Battle Tent"
          src="logo.png"
          style="width: 200px;"
        />
        <img
          alt="Welcome"
          src="welcome.png"
          style="width: 250px;"
        />
        <div
          class="sc-fzplWN ibMnsj"
          style="margin-bottom: 20px;"
        >
          Guest
        </div>
      </div>
    </header>
    <main
      style="flex: 1;"
    >
      <div
        class="MuiCircularProgress-root MuiCircularProgress-colorPrimary MuiCircularProgress-indeterminate"
        role="progressbar"
        style="width: 40px; height: 40px;"
      >
        <svg
          class="MuiCircularProgress-svg"
          viewBox="22 22 44 44"
        >
          <circle
            class="MuiCircularProgress-circle MuiCircularProgress-circleIndeterminate"
            cx="44"
            cy="44"
            fill="none"
            r="20.2"
            stroke-width="3.6"
          />
        </svg>
      </div>
    </main>
  </div>
</DocumentFragment>
`;
