// Jest Snapshot v1, https://goo.gl/fbAQLP

exports[`App should render 1`] = `
<DocumentFragment>
  <div
    class="sc-fzoJus exFyat"
  >
    <div>
      <div
        class="MuiCircularProgress-root MuiCircularProgress-colorPrimary MuiCircularProgress-indeterminate"
        role="progressbar"
        style="width: 40px; height: 40px;"
      >
        <svg
          class="MuiCircularProgress-svg"
          viewBox="22 22 44 44"
        >
          <circle
            class="MuiCircularProgress-circle MuiCircularProgress-circleIndeterminate"
            cx="44"
            cy="44"
            fill="none"
            r="20.2"
            stroke-width="3.6"
          />
        </svg>
      </div>
      <div
        style="position: absolute; visibility: hidden;"
      >
        <p
          style="font-family: NormalTextFont;"
        >
          preload NormalTextFont
        </p>
        <p
          style="font-family: HeadTextFont;"
        >
          preload HeadTextFont
        </p>
      </div>
    </div>
    <div
      class="sc-fzowVh gbgkyc"
    >
      <div
        class="MuiCircularProgress-root MuiCircularProgress-colorPrimary MuiCircularProgress-indeterminate"
        role="progressbar"
        style="width: 40px; height: 40px;"
      >
        <svg
          class="MuiCircularProgress-svg"
          viewBox="22 22 44 44"
        >
          <circle
            class="MuiCircularProgress-circle MuiCircularProgress-circleIndeterminate"
            cx="44"
            cy="44"
            fill="none"
            r="20.2"
            stroke-width="3.6"
          />
        </svg>
      </div>
      <p>
        Reconnecting...
      </p>
    </div>
  </div>
</DocumentFragment>
`;
